
   FAIL  Tests\Feature\UserSelfDeleteTest
  Γ¿» un usuario no puede eliΓÇª 2.79s  
  ΓöÇΓöÇΓöÇΓöÇΓöÇΓöÇΓöÇΓöÇΓöÇΓöÇΓöÇΓöÇΓöÇΓöÇΓöÇΓöÇΓöÇΓöÇΓöÇΓöÇΓöÇΓöÇΓöÇΓöÇΓöÇΓöÇΓöÇΓöÇΓöÇΓöÇΓöÇΓöÇ  
   FAILED  Tests\Feature\UserSelΓÇª   
  Expected response status code [201, 301, 302, 303, 307, 308] but received 419.
Failed asserting that false is true.

  at tests\Feature\UserSelfDeleteTest.php:20
     16Γûò     // 3. Simular una petici├│n HTTP DELETE
     17Γûò     $response = $this->delete(route('users.destroy', $user));
     18Γûò 
     19Γûò     // 4. Esperar que el servidor bloquee el borrado a si mismo (redirecci├│n con mensaje)
  Γ₧£  20Γûò     $response->assertRedirect();
     21Γûò     $response->assertSessionHas('swal');
     22Γûò 
     23Γûò     // 5. Verificar en la BD que sigue existiendo el usuario
     24Γûò     $this->assertDatabaseHas('users', ['id' => $user->id]);


  Tests:    1 failed (1 assertions)
  Duration: 2.97s

